"solution": {
  "type": "(case-5) New Path [node 50]",
  "score": 0.025,
  "size": 5,
  "round": 1,
"psgraph": {

    "init": "3",
    "goal": "0",
    "nodes" : {
      "0": {
        "expected_successor": false,
        "action": "goal_action",
        "state": "0x267967b0",
        "distance": 0,
        "is_relevant": 1,
        "is_goal": 1,
        "is_sc": 1,
        "successors": [

         ]
      },
      "1": {
        "expected_successor": "0",
        "action": "player2_bite x0 y0",
        "state": "0x26a42010",
        "distance": 1,
        "is_relevant": 0,
        "is_goal": 0,
        "is_sc": 1,
        "successors": [
          {
              "outcome_label": "player2_bite x0 y0",
              "successor_id": "0"
          }
         ]
      },
      "2": {
        "expected_successor": "1",
        "action": "player2-pick ",
        "state": "0x26a423d0",
        "distance": 2,
        "is_relevant": 0,
        "is_goal": 0,
        "is_sc": 0,
        "successors": [
          {
              "outcome_label": "player2-pick_detdup_1 ",
              "successor_id": "1"
          },
          {
              "outcome_label": "player2-pick_detdup_10 ",
              "successor_id": "-1"
          },
          {
              "outcome_label": "player2-pick_detdup_11 ",
              "successor_id": "-1"
          },
          {
              "outcome_label": "player2-pick_detdup_12 ",
              "successor_id": "-1"
          },
          {
              "outcome_label": "player2-pick_detdup_13 ",
              "successor_id": "-1"
          },
          {
              "outcome_label": "player2-pick_detdup_14 ",
              "successor_id": "-1"
          },
          {
              "outcome_label": "player2-pick_detdup_15 ",
              "successor_id": "-1"
          },
          {
              "outcome_label": "player2-pick_detdup_16 ",
              "successor_id": "-1"
          },
          {
              "outcome_label": "player2-pick_detdup_17 ",
              "successor_id": "-1"
          },
          {
              "outcome_label": "player2-pick_detdup_18 ",
              "successor_id": "-1"
          },
          {
              "outcome_label": "player2-pick_detdup_19 ",
              "successor_id": "-1"
          },
          {
              "outcome_label": "player2-pick_detdup_2 ",
              "successor_id": "-1"
          },
          {
              "outcome_label": "player2-pick_detdup_20 ",
              "successor_id": "-1"
          },
          {
              "outcome_label": "player2-pick_detdup_21 ",
              "successor_id": "-1"
          },
          {
              "outcome_label": "player2-pick_detdup_22 ",
              "successor_id": "-1"
          },
          {
              "outcome_label": "player2-pick_detdup_23 ",
              "successor_id": "-1"
          },
          {
              "outcome_label": "player2-pick_detdup_24 ",
              "successor_id": "-1"
          },
          {
              "outcome_label": "player2-pick_detdup_25 ",
              "successor_id": "-1"
          },
          {
              "outcome_label": "player2-pick_detdup_26 ",
              "successor_id": "-1"
          },
          {
              "outcome_label": "player2-pick_detdup_27 ",
              "successor_id": "-1"
          },
          {
              "outcome_label": "player2-pick_detdup_28 ",
              "successor_id": "-1"
          },
          {
              "outcome_label": "player2-pick_detdup_29 ",
              "successor_id": "-1"
          },
          {
              "outcome_label": "player2-pick_detdup_3 ",
              "successor_id": "-1"
          },
          {
              "outcome_label": "player2-pick_detdup_30 ",
              "successor_id": "-1"
          },
          {
              "outcome_label": "player2-pick_detdup_31 ",
              "successor_id": "-1"
          },
          {
              "outcome_label": "player2-pick_detdup_32 ",
              "successor_id": "-1"
          },
          {
              "outcome_label": "player2-pick_detdup_33 ",
              "successor_id": "-1"
          },
          {
              "outcome_label": "player2-pick_detdup_34 ",
              "successor_id": "-1"
          },
          {
              "outcome_label": "player2-pick_detdup_35 ",
              "successor_id": "-1"
          },
          {
              "outcome_label": "player2-pick_detdup_36 ",
              "successor_id": "-1"
          },
          {
              "outcome_label": "player2-pick_detdup_37 ",
              "successor_id": "-1"
          },
          {
              "outcome_label": "player2-pick_detdup_38 ",
              "successor_id": "-1"
          },
          {
              "outcome_label": "player2-pick_detdup_39 ",
              "successor_id": "-1"
          },
          {
              "outcome_label": "player2-pick_detdup_4 ",
              "successor_id": "-1"
          },
          {
              "outcome_label": "player2-pick_detdup_40 ",
              "successor_id": "-1"
          },
          {
              "outcome_label": "player2-pick_detdup_41 ",
              "successor_id": "-1"
          },
          {
              "outcome_label": "player2-pick_detdup_42 ",
              "successor_id": "-1"
          },
          {
              "outcome_label": "player2-pick_detdup_43 ",
              "successor_id": "-1"
          },
          {
              "outcome_label": "player2-pick_detdup_44 ",
              "successor_id": "-1"
          },
          {
              "outcome_label": "player2-pick_detdup_45 ",
              "successor_id": "-1"
          },
          {
              "outcome_label": "player2-pick_detdup_46 ",
              "successor_id": "-1"
          },
          {
              "outcome_label": "player2-pick_detdup_47 ",
              "successor_id": "-1"
          },
          {
              "outcome_label": "player2-pick_detdup_48 ",
              "successor_id": "-1"
          },
          {
              "outcome_label": "player2-pick_detdup_49 ",
              "successor_id": "-1"
          },
          {
              "outcome_label": "player2-pick_detdup_5 ",
              "successor_id": "-1"
          },
          {
              "outcome_label": "player2-pick_detdup_6 ",
              "successor_id": "-1"
          },
          {
              "outcome_label": "player2-pick_detdup_7 ",
              "successor_id": "-1"
          },
          {
              "outcome_label": "player2-pick_detdup_8 ",
              "successor_id": "-1"
          },
          {
              "outcome_label": "player2-pick_detdup_9 ",
              "successor_id": "4"
          }
         ]
      },
      "3": {
        "expected_successor": "2",
        "action": "player1_bite x6 y6",
        "state": "0x26a42910",
        "distance": 3,
        "is_relevant": 0,
        "is_goal": 0,
        "is_sc": 0,
        "successors": [
          {
              "outcome_label": "player1_bite x6 y6",
              "successor_id": "2"
          }
         ]
      },
      "4": {
        "expected_successor": "3",
        "action": "player2_bite x1 y1",
        "state": "0x26a3a5a0",
        "distance": 4,
        "is_relevant": 0,
        "is_goal": 0,
        "is_sc": 0,
        "successors": [
          {
              "outcome_label": "player2_bite x1 y1",
              "successor_id": "3"
          }
         ]
      }
    },
    "edges" : [
        ["1", ">", "0"],
        ["2", ">", "1"],
        ["2", ">", "-1"],
        ["2", ">", "-1"],
        ["2", ">", "-1"],
        ["2", ">", "-1"],
        ["2", ">", "-1"],
        ["2", ">", "-1"],
        ["2", ">", "-1"],
        ["2", ">", "-1"],
        ["2", ">", "-1"],
        ["2", ">", "-1"],
        ["2", ">", "-1"],
        ["2", ">", "-1"],
        ["2", ">", "-1"],
        ["2", ">", "-1"],
        ["2", ">", "-1"],
        ["2", ">", "-1"],
        ["2", ">", "-1"],
        ["2", ">", "-1"],
        ["2", ">", "-1"],
        ["2", ">", "-1"],
        ["2", ">", "-1"],
        ["2", ">", "-1"],
        ["2", ">", "-1"],
        ["2", ">", "-1"],
        ["2", ">", "-1"],
        ["2", ">", "-1"],
        ["2", ">", "-1"],
        ["2", ">", "-1"],
        ["2", ">", "-1"],
        ["2", ">", "-1"],
        ["2", ">", "-1"],
        ["2", ">", "-1"],
        ["2", ">", "-1"],
        ["2", ">", "-1"],
        ["2", ">", "-1"],
        ["2", ">", "-1"],
        ["2", ">", "-1"],
        ["2", ">", "-1"],
        ["2", ">", "-1"],
        ["2", ">", "-1"],
        ["2", ">", "-1"],
        ["2", ">", "-1"],
        ["2", ">", "-1"],
        ["2", ">", "-1"],
        ["2", ">", "-1"],
        ["2", ">", "-1"],
        ["2", ">", "-1"],
        ["2", ">", "4"],
        ["3", ">", "2"],
        ["4", ">", "3"]
    ],
    "states" : {
      "0x267967b0": [
        "Atom chosenp2(x0, y0)"
      ],
      "0x26a42010": [
        "Atom turn(player2)",
        "Atom selected(x0, y0)"
      ],
      "0x26a423d0": [
        "Atom turn(player2)",
        "NegatedAtom selected(x0, y0)",
        "NegatedAtom selected(x0, y1)",
        "NegatedAtom selected(x0, y2)",
        "NegatedAtom selected(x0, y3)",
        "NegatedAtom selected(x0, y4)",
        "NegatedAtom selected(x0, y5)",
        "NegatedAtom selected(x0, y6)",
        "NegatedAtom selected(x1, y0)",
        "NegatedAtom selected(x1, y1)",
        "NegatedAtom selected(x1, y2)",
        "NegatedAtom selected(x1, y3)",
        "NegatedAtom selected(x1, y4)",
        "NegatedAtom selected(x1, y5)",
        "NegatedAtom selected(x1, y6)",
        "NegatedAtom selected(x2, y0)",
        "NegatedAtom selected(x2, y1)",
        "NegatedAtom selected(x2, y2)",
        "NegatedAtom selected(x2, y3)",
        "NegatedAtom selected(x2, y4)",
        "NegatedAtom selected(x2, y5)",
        "NegatedAtom selected(x2, y6)",
        "NegatedAtom selected(x3, y0)",
        "NegatedAtom selected(x3, y1)",
        "NegatedAtom selected(x3, y2)",
        "NegatedAtom selected(x3, y3)",
        "NegatedAtom selected(x3, y4)",
        "NegatedAtom selected(x3, y5)",
        "NegatedAtom selected(x3, y6)",
        "NegatedAtom selected(x4, y0)",
        "NegatedAtom selected(x4, y1)",
        "NegatedAtom selected(x4, y2)",
        "NegatedAtom selected(x4, y3)",
        "NegatedAtom selected(x4, y4)",
        "NegatedAtom selected(x4, y5)",
        "NegatedAtom selected(x4, y6)",
        "NegatedAtom selected(x5, y0)",
        "NegatedAtom selected(x5, y1)",
        "NegatedAtom selected(x5, y2)",
        "NegatedAtom selected(x5, y3)",
        "NegatedAtom selected(x5, y4)",
        "NegatedAtom selected(x5, y5)",
        "NegatedAtom selected(x5, y6)",
        "NegatedAtom selected(x6, y0)",
        "NegatedAtom selected(x6, y1)",
        "NegatedAtom selected(x6, y2)",
        "NegatedAtom selected(x6, y3)",
        "NegatedAtom selected(x6, y4)",
        "NegatedAtom selected(x6, y5)",
        "NegatedAtom selected(x6, y6)"
      ],
      "0x26a42910": [
        "Atom turn(player1)",
        "NegatedAtom selected(x0, y0)",
        "NegatedAtom selected(x0, y1)",
        "NegatedAtom selected(x0, y2)",
        "NegatedAtom selected(x0, y3)",
        "NegatedAtom selected(x0, y4)",
        "NegatedAtom selected(x0, y5)",
        "NegatedAtom selected(x0, y6)",
        "NegatedAtom selected(x1, y0)",
        "NegatedAtom selected(x1, y1)",
        "NegatedAtom selected(x1, y2)",
        "NegatedAtom selected(x1, y3)",
        "NegatedAtom selected(x1, y4)",
        "NegatedAtom selected(x1, y5)",
        "NegatedAtom selected(x1, y6)",
        "NegatedAtom selected(x2, y0)",
        "NegatedAtom selected(x2, y1)",
        "NegatedAtom selected(x2, y2)",
        "NegatedAtom selected(x2, y3)",
        "NegatedAtom selected(x2, y4)",
        "NegatedAtom selected(x2, y5)",
        "NegatedAtom selected(x2, y6)",
        "NegatedAtom selected(x3, y0)",
        "NegatedAtom selected(x3, y1)",
        "NegatedAtom selected(x3, y2)",
        "NegatedAtom selected(x3, y3)",
        "NegatedAtom selected(x3, y4)",
        "NegatedAtom selected(x3, y5)",
        "NegatedAtom selected(x3, y6)",
        "NegatedAtom selected(x4, y0)",
        "NegatedAtom selected(x4, y1)",
        "NegatedAtom selected(x4, y2)",
        "NegatedAtom selected(x4, y3)",
        "NegatedAtom selected(x4, y4)",
        "NegatedAtom selected(x4, y5)",
        "NegatedAtom selected(x4, y6)",
        "NegatedAtom selected(x5, y0)",
        "NegatedAtom selected(x5, y1)",
        "NegatedAtom selected(x5, y2)",
        "NegatedAtom selected(x5, y3)",
        "NegatedAtom selected(x5, y4)",
        "NegatedAtom selected(x5, y5)",
        "NegatedAtom selected(x5, y6)",
        "NegatedAtom selected(x6, y0)",
        "NegatedAtom selected(x6, y1)",
        "NegatedAtom selected(x6, y2)",
        "NegatedAtom selected(x6, y3)",
        "NegatedAtom selected(x6, y4)",
        "NegatedAtom selected(x6, y5)",
        "NegatedAtom selected(x6, y6)"
      ],
      "0x26a3a5a0": [
        "Atom turn(player2)",
        "Atom selected(x1, y1)"
      ]
     }
  },
  "policy": "Coming soon...",
  "ps2fs": {
    0: {51: 51, },
    1: {2: 2, },
    2: {1: 1, },
    3: {0: 0, },
    4: {50: 50, },
  },
  "pr2searchnodes": {
  0: {
      name: "(0) player1_bite x6 y6",
      open: 0,
      init: 1,
      poisoned: 0,
      subsumed: 0,
  },
  1: {
      name: "(1) player2-pick ",
      open: 1,
      init: 0,
      poisoned: 0,
      subsumed: 0,
  },
  2: {
      name: "(2) player2_bite x0 y0",
      open: 1,
      init: 0,
      poisoned: 0,
      subsumed: 0,
  },
  3: {
      name: "(3)",
      open: 1,
      init: 0,
      poisoned: 0,
      subsumed: 0,
  },
  4: {
      name: "(4)",
      open: 1,
      init: 0,
      poisoned: 0,
      subsumed: 0,
  },
  5: {
      name: "(5)",
      open: 1,
      init: 0,
      poisoned: 0,
      subsumed: 0,
  },
  6: {
      name: "(6)",
      open: 1,
      init: 0,
      poisoned: 0,
      subsumed: 0,
  },
  7: {
      name: "(7)",
      open: 1,
      init: 0,
      poisoned: 0,
      subsumed: 0,
  },
  8: {
      name: "(8)",
      open: 1,
      init: 0,
      poisoned: 0,
      subsumed: 0,
  },
  9: {
      name: "(9)",
      open: 1,
      init: 0,
      poisoned: 0,
      subsumed: 0,
  },
  10: {
      name: "(10)",
      open: 1,
      init: 0,
      poisoned: 0,
      subsumed: 0,
  },
  11: {
      name: "(11)",
      open: 1,
      init: 0,
      poisoned: 0,
      subsumed: 0,
  },
  12: {
      name: "(12)",
      open: 1,
      init: 0,
      poisoned: 0,
      subsumed: 0,
  },
  13: {
      name: "(13)",
      open: 1,
      init: 0,
      poisoned: 0,
      subsumed: 0,
  },
  14: {
      name: "(14)",
      open: 1,
      init: 0,
      poisoned: 0,
      subsumed: 0,
  },
  15: {
      name: "(15)",
      open: 1,
      init: 0,
      poisoned: 0,
      subsumed: 0,
  },
  16: {
      name: "(16)",
      open: 1,
      init: 0,
      poisoned: 0,
      subsumed: 0,
  },
  17: {
      name: "(17)",
      open: 1,
      init: 0,
      poisoned: 0,
      subsumed: 0,
  },
  18: {
      name: "(18)",
      open: 1,
      init: 0,
      poisoned: 0,
      subsumed: 0,
  },
  19: {
      name: "(19)",
      open: 1,
      init: 0,
      poisoned: 0,
      subsumed: 0,
  },
  20: {
      name: "(20)",
      open: 1,
      init: 0,
      poisoned: 0,
      subsumed: 0,
  },
  21: {
      name: "(21)",
      open: 1,
      init: 0,
      poisoned: 0,
      subsumed: 0,
  },
  22: {
      name: "(22)",
      open: 1,
      init: 0,
      poisoned: 0,
      subsumed: 0,
  },
  23: {
      name: "(23)",
      open: 1,
      init: 0,
      poisoned: 0,
      subsumed: 0,
  },
  24: {
      name: "(24)",
      open: 1,
      init: 0,
      poisoned: 0,
      subsumed: 0,
  },
  25: {
      name: "(25)",
      open: 1,
      init: 0,
      poisoned: 0,
      subsumed: 0,
  },
  26: {
      name: "(26)",
      open: 1,
      init: 0,
      poisoned: 0,
      subsumed: 0,
  },
  27: {
      name: "(27)",
      open: 1,
      init: 0,
      poisoned: 0,
      subsumed: 0,
  },
  28: {
      name: "(28)",
      open: 1,
      init: 0,
      poisoned: 0,
      subsumed: 0,
  },
  29: {
      name: "(29)",
      open: 1,
      init: 0,
      poisoned: 0,
      subsumed: 0,
  },
  30: {
      name: "(30)",
      open: 1,
      init: 0,
      poisoned: 0,
      subsumed: 0,
  },
  31: {
      name: "(31)",
      open: 1,
      init: 0,
      poisoned: 0,
      subsumed: 0,
  },
  32: {
      name: "(32)",
      open: 1,
      init: 0,
      poisoned: 0,
      subsumed: 0,
  },
  33: {
      name: "(33)",
      open: 1,
      init: 0,
      poisoned: 0,
      subsumed: 0,
  },
  34: {
      name: "(34)",
      open: 1,
      init: 0,
      poisoned: 0,
      subsumed: 0,
  },
  35: {
      name: "(35)",
      open: 1,
      init: 0,
      poisoned: 0,
      subsumed: 0,
  },
  36: {
      name: "(36)",
      open: 1,
      init: 0,
      poisoned: 0,
      subsumed: 0,
  },
  37: {
      name: "(37)",
      open: 1,
      init: 0,
      poisoned: 0,
      subsumed: 0,
  },
  38: {
      name: "(38)",
      open: 1,
      init: 0,
      poisoned: 0,
      subsumed: 0,
  },
  39: {
      name: "(39)",
      open: 1,
      init: 0,
      poisoned: 0,
      subsumed: 0,
  },
  40: {
      name: "(40)",
      open: 1,
      init: 0,
      poisoned: 0,
      subsumed: 0,
  },
  41: {
      name: "(41)",
      open: 1,
      init: 0,
      poisoned: 0,
      subsumed: 0,
  },
  42: {
      name: "(42)",
      open: 1,
      init: 0,
      poisoned: 0,
      subsumed: 0,
  },
  43: {
      name: "(43)",
      open: 1,
      init: 0,
      poisoned: 0,
      subsumed: 0,
  },
  44: {
      name: "(44)",
      open: 1,
      init: 0,
      poisoned: 0,
      subsumed: 0,
  },
  45: {
      name: "(45)",
      open: 1,
      init: 0,
      poisoned: 0,
      subsumed: 0,
  },
  46: {
      name: "(46)",
      open: 1,
      init: 0,
      poisoned: 0,
      subsumed: 0,
  },
  47: {
      name: "(47)",
      open: 1,
      init: 0,
      poisoned: 0,
      subsumed: 0,
  },
  48: {
      name: "(48)",
      open: 1,
      init: 0,
      poisoned: 0,
      subsumed: 0,
  },
  49: {
      name: "(49)",
      open: 1,
      init: 0,
      poisoned: 0,
      subsumed: 0,
  },
  50: {
      name: "(50) player2_bite x1 y1",
      open: 0,
      init: 0,
      poisoned: 0,
      subsumed: 0,
  },
  51: {
      name: "(51)",
      open: 0,
      init: 0,
      poisoned: 0,
      subsumed: 0,
  },
  52: {
      name: "(52)",
      open: 1,
      init: 0,
      poisoned: 0,
      subsumed: 0,
  },
  },
  "pr2searchnodelinks": [
    [0,1],
    [1,2],
    [1,3],
    [1,4],
    [1,5],
    [1,6],
    [1,7],
    [1,8],
    [1,9],
    [1,10],
    [1,11],
    [1,12],
    [1,13],
    [1,14],
    [1,15],
    [1,16],
    [1,17],
    [1,18],
    [1,19],
    [1,20],
    [1,21],
    [1,22],
    [1,23],
    [1,24],
    [1,25],
    [1,26],
    [1,27],
    [1,28],
    [1,29],
    [1,30],
    [1,31],
    [1,32],
    [1,33],
    [1,34],
    [1,35],
    [1,36],
    [1,37],
    [1,38],
    [1,39],
    [1,40],
    [1,41],
    [1,42],
    [1,43],
    [1,44],
    [1,45],
    [1,46],
    [1,47],
    [1,48],
    [1,49],
    [1,50],
    [2,51],
    [50,52],
  ],
},
